<!DOCTYPE html>
<html lang="en">
<head>
	<meta charset="UTF-8">
	<title>Document</title>
</head>
<body>
	<img src="img_2.gif" alt="">
	<div class="box"></div>
</body>
</html>